// Jest Snapshot v1, https://goo.gl/fbAQLP

exports[`App should render App 1`] = `
{
  "asFragment": [Function],
  "baseElement": <body>
    <div>
      <div
        class="scrollbar h-screen w-screen overflow-x-auto overflow-y-hidden bg-cyber-garden bg-cover bg-no-repeat dark:bg-background dark:text-foregroundSubtle"
      >
        <div
          class="h-full bg-[rgb(0,0,0,0.9)]"
        >
          <div
            class="flex w-screen flex-row flex-row justify-between p-3"
          >
            <div>
              <h1
                class=" text-6xl tracking-widest text-foreground drop-shadow-md"
              >
                <span
                  class="text-primary text-glitch text-glitch-duration-slow"
                >
                  Ω
                </span>
                mphalos
              </h1>
            </div>
            <div>
              <button
                class="bg-primary text-foregroundSubtle hover:text-foreground p-2 hover:rounded transition-all font-bold drop-shadow-md"
              >
                Connect
              </button>
            </div>
          </div>
          <div
            class="relative flex h-full flex-row"
          >
            <div
              class="center flex flex-row"
            >
              Loading
            </div>
          </div>
        </div>
         
         
      </div>
    </div>
  </body>,
  "container": <div>
    <div
      class="scrollbar h-screen w-screen overflow-x-auto overflow-y-hidden bg-cyber-garden bg-cover bg-no-repeat dark:bg-background dark:text-foregroundSubtle"
    >
      <div
        class="h-full bg-[rgb(0,0,0,0.9)]"
      >
        <div
          class="flex w-screen flex-row flex-row justify-between p-3"
        >
          <div>
            <h1
              class=" text-6xl tracking-widest text-foreground drop-shadow-md"
            >
              <span
                class="text-primary text-glitch text-glitch-duration-slow"
              >
                Ω
              </span>
              mphalos
            </h1>
          </div>
          <div>
            <button
              class="bg-primary text-foregroundSubtle hover:text-foreground p-2 hover:rounded transition-all font-bold drop-shadow-md"
            >
              Connect
            </button>
          </div>
        </div>
        <div
          class="relative flex h-full flex-row"
        >
          <div
            class="center flex flex-row"
          >
            Loading
          </div>
        </div>
      </div>
       
       
    </div>
  </div>,
  "debug": [Function],
  "findAllByAltText": [Function],
  "findAllByDisplayValue": [Function],
  "findAllByLabelText": [Function],
  "findAllByPlaceholderText": [Function],
  "findAllByRole": [Function],
  "findAllByTestId": [Function],
  "findAllByText": [Function],
  "findAllByTitle": [Function],
  "findByAltText": [Function],
  "findByDisplayValue": [Function],
  "findByLabelText": [Function],
  "findByPlaceholderText": [Function],
  "findByRole": [Function],
  "findByTestId": [Function],
  "findByText": [Function],
  "findByTitle": [Function],
  "getAllByAltText": [Function],
  "getAllByDisplayValue": [Function],
  "getAllByLabelText": [Function],
  "getAllByPlaceholderText": [Function],
  "getAllByRole": [Function],
  "getAllByTestId": [Function],
  "getAllByText": [Function],
  "getAllByTitle": [Function],
  "getByAltText": [Function],
  "getByDisplayValue": [Function],
  "getByLabelText": [Function],
  "getByPlaceholderText": [Function],
  "getByRole": [Function],
  "getByTestId": [Function],
  "getByText": [Function],
  "getByTitle": [Function],
  "queryAllByAltText": [Function],
  "queryAllByDisplayValue": [Function],
  "queryAllByLabelText": [Function],
  "queryAllByPlaceholderText": [Function],
  "queryAllByRole": [Function],
  "queryAllByTestId": [Function],
  "queryAllByText": [Function],
  "queryAllByTitle": [Function],
  "queryByAltText": [Function],
  "queryByDisplayValue": [Function],
  "queryByLabelText": [Function],
  "queryByPlaceholderText": [Function],
  "queryByRole": [Function],
  "queryByTestId": [Function],
  "queryByText": [Function],
  "queryByTitle": [Function],
  "rerender": [Function],
  "unmount": [Function],
}
`;
